[0.007s] Invoking command in '/home/fawzan/Documents/agv_rover/src/agv-rover/build/agv-rover': CMAKE_PREFIX_PATH=${CMAKE_PREFIX_PATH}:/opt/ros/humble /usr/bin/cmake --build /home/fawzan/Documents/agv_rover/src/agv-rover/build/agv-rover -- -j8 -l8
[0.022s] -- Found ament_cmake: 1.3.10 (/opt/ros/humble/share/ament_cmake/cmake)
[0.094s] -- Override CMake install command with custom implementation using symlinks instead of copying resources
[0.137s] -- Found ament_lint_auto: 0.12.11 (/opt/ros/humble/share/ament_lint_auto/cmake)
[0.180s] -- Added test 'copyright' to check source files copyright and LICENSE
[0.188s] -- Added test 'cppcheck' to perform static code analysis on C / C++ code
[0.188s] -- Configured cppcheck include dirs: 
[0.188s] -- Configured cppcheck exclude dirs and/or files: 
[0.196s] -- Added test 'cpplint' to check C / C++ code against the Google style
[0.196s] -- Configured cpplint exclude dirs and/or files: 
[0.197s] -- Added test 'flake8' to check Python code syntax and style conventions
[0.199s] -- Added test 'lint_cmake' to check CMake code style
[0.200s] -- Added test 'pep257' to check Python code against some of the docstring style conventions in PEP 257
[0.207s] -- Added test 'uncrustify' to check C / C++ code style
[0.207s] -- Configured uncrustify additional arguments: 
[0.208s] -- Added test 'xmllint' to check XML markup files
[0.209s] -- Configuring done
[0.211s] -- Generating done
[0.211s] -- Build files have been written to: /home/fawzan/Documents/agv_rover/src/agv-rover/build/agv-rover
[0.226s] Invoked command in '/home/fawzan/Documents/agv_rover/src/agv-rover/build/agv-rover' returned '0': CMAKE_PREFIX_PATH=${CMAKE_PREFIX_PATH}:/opt/ros/humble /usr/bin/cmake --build /home/fawzan/Documents/agv_rover/src/agv-rover/build/agv-rover -- -j8 -l8
[0.246s] Invoking command in '/home/fawzan/Documents/agv_rover/src/agv-rover/build/agv-rover': CMAKE_PREFIX_PATH=${CMAKE_PREFIX_PATH}:/opt/ros/humble /usr/bin/cmake --install /home/fawzan/Documents/agv_rover/src/agv-rover/build/agv-rover
[0.251s] -- Install configuration: ""
[0.251s] -- Execute custom install script
[0.251s] [31mCMake Error at ament_cmake_symlink_install/ament_cmake_symlink_install.cmake:204 (message):
[0.251s]   ament_cmake_symlink_install_programs() can't find
[0.251s]   '/home/fawzan/Documents/agv_rover/src/agv-rover/scripts/waypoint_follower.py'
[0.251s] Call Stack (most recent call first):
[0.251s]   ament_cmake_symlink_install/ament_cmake_symlink_install.cmake:314 (ament_cmake_symlink_install_programs)
[0.251s]   cmake_install.cmake:46 (include)
[0.252s] 
[0.252s] [0m
[0.252s] Invoked command in '/home/fawzan/Documents/agv_rover/src/agv-rover/build/agv-rover' returned '1': CMAKE_PREFIX_PATH=${CMAKE_PREFIX_PATH}:/opt/ros/humble /usr/bin/cmake --install /home/fawzan/Documents/agv_rover/src/agv-rover/build/agv-rover
