[0.067s] DEBUG:colcon:Command line arguments: ['/usr/bin/colcon', 'build', '--symlink-install']
[0.067s] DEBUG:colcon:Parsed command line arguments: Namespace(log_base=None, log_level=None, verb_name='build', build_base='build', install_base='install', merge_install=False, symlink_install=True, test_result_base=None, continue_on_error=False, executor='parallel', parallel_workers=8, event_handlers=None, ignore_user_meta=False, metas=['./colcon.meta'], base_paths=['.'], packages_ignore=None, packages_ignore_regex=None, paths=None, packages_up_to=None, packages_up_to_regex=None, packages_above=None, packages_above_and_dependencies=None, packages_above_depth=None, packages_select_by_dep=None, packages_skip_by_dep=None, packages_skip_up_to=None, packages_select_build_failed=False, packages_skip_build_finished=False, packages_select_test_failures=False, packages_skip_test_passed=False, packages_select=None, packages_skip=None, packages_select_regex=None, packages_skip_regex=None, packages_start=None, packages_end=None, allow_overriding=[], cmake_args=None, cmake_target=None, cmake_target_skip_unavailable=False, cmake_clean_cache=False, cmake_clean_first=False, cmake_force_configure=False, ament_cmake_args=None, catkin_cmake_args=None, catkin_skip_building_tests=False, mixin_files=None, mixin=None, verb_parser=<colcon_mixin.mixin.mixin_argument.MixinArgumentDecorator object at 0x743abfb3ec80>, verb_extension=<colcon_core.verb.build.BuildVerb object at 0x743abfb3e740>, main=<bound method BuildVerb.main of <colcon_core.verb.build.BuildVerb object at 0x743abfb3e740>>, mixin_verb=('build',))
[0.177s] Level 1:colcon.colcon_core.package_discovery:discover_packages(colcon_meta) check parameters
[0.178s] Level 1:colcon.colcon_core.package_discovery:discover_packages(recursive) check parameters
[0.178s] Level 1:colcon.colcon_core.package_discovery:discover_packages(ignore) check parameters
[0.178s] Level 1:colcon.colcon_core.package_discovery:discover_packages(path) check parameters
[0.178s] Level 1:colcon.colcon_core.package_discovery:discover_packages(colcon_meta) discover
[0.178s] Level 1:colcon.colcon_core.package_discovery:discover_packages(recursive) discover
[0.178s] INFO:colcon.colcon_core.package_discovery:Crawling recursively for packages in '/home/fawzan/Documents/agv_rover/src/agv-rover'
[0.178s] Level 1:colcon.colcon_core.package_identification:_identify(.) by extensions ['ignore', 'ignore_ament_install']
[0.178s] Level 1:colcon.colcon_core.package_identification:_identify(.) by extension 'ignore'
[0.178s] Level 1:colcon.colcon_core.package_identification:_identify(.) by extension 'ignore_ament_install'
[0.178s] Level 1:colcon.colcon_core.package_identification:_identify(.) by extensions ['colcon_pkg']
[0.178s] Level 1:colcon.colcon_core.package_identification:_identify(.) by extension 'colcon_pkg'
[0.178s] Level 1:colcon.colcon_core.package_identification:_identify(.) by extensions ['colcon_meta']
[0.178s] Level 1:colcon.colcon_core.package_identification:_identify(.) by extension 'colcon_meta'
[0.178s] Level 1:colcon.colcon_core.package_identification:_identify(.) by extensions ['ros']
[0.178s] Level 1:colcon.colcon_core.package_identification:_identify(.) by extension 'ros'
[0.186s] DEBUG:colcon.colcon_core.package_identification:Package '.' with type 'ros.ament_cmake' and name 'agv-rover'
[0.186s] Level 1:colcon.colcon_core.package_discovery:discover_packages(recursive) using defaults
[0.186s] Level 1:colcon.colcon_core.package_discovery:discover_packages(ignore) discover
[0.186s] Level 1:colcon.colcon_core.package_discovery:discover_packages(ignore) using defaults
[0.186s] Level 1:colcon.colcon_core.package_discovery:discover_packages(path) discover
[0.187s] Level 1:colcon.colcon_core.package_discovery:discover_packages(path) using defaults
[0.207s] Level 1:colcon.colcon_core.package_discovery:discover_packages(prefix_path) check parameters
[0.207s] Level 1:colcon.colcon_core.package_discovery:discover_packages(prefix_path) discover
[0.208s] DEBUG:colcon.colcon_installed_package_information.package_discovery:Found 1 installed packages in /home/fawzan/Documents/agv_rover/install
[0.209s] DEBUG:colcon.colcon_installed_package_information.package_discovery:Found 353 installed packages in /opt/ros/humble
[0.210s] Level 1:colcon.colcon_core.package_discovery:discover_packages(prefix_path) using defaults
[0.237s] Level 5:colcon.colcon_core.verb:set package 'agv-rover' build argument 'cmake_args' from command line to 'None'
[0.237s] Level 5:colcon.colcon_core.verb:set package 'agv-rover' build argument 'cmake_target' from command line to 'None'
[0.237s] Level 5:colcon.colcon_core.verb:set package 'agv-rover' build argument 'cmake_target_skip_unavailable' from command line to 'False'
[0.237s] Level 5:colcon.colcon_core.verb:set package 'agv-rover' build argument 'cmake_clean_cache' from command line to 'False'
[0.237s] Level 5:colcon.colcon_core.verb:set package 'agv-rover' build argument 'cmake_clean_first' from command line to 'False'
[0.237s] Level 5:colcon.colcon_core.verb:set package 'agv-rover' build argument 'cmake_force_configure' from command line to 'False'
[0.237s] Level 5:colcon.colcon_core.verb:set package 'agv-rover' build argument 'ament_cmake_args' from command line to 'None'
[0.237s] Level 5:colcon.colcon_core.verb:set package 'agv-rover' build argument 'catkin_cmake_args' from command line to 'None'
[0.237s] Level 5:colcon.colcon_core.verb:set package 'agv-rover' build argument 'catkin_skip_building_tests' from command line to 'False'
[0.237s] DEBUG:colcon.colcon_core.verb:Building package 'agv-rover' with the following arguments: {'ament_cmake_args': None, 'build_base': '/home/fawzan/Documents/agv_rover/src/agv-rover/build/agv-rover', 'catkin_cmake_args': None, 'catkin_skip_building_tests': False, 'cmake_args': None, 'cmake_clean_cache': False, 'cmake_clean_first': False, 'cmake_force_configure': False, 'cmake_target': None, 'cmake_target_skip_unavailable': False, 'install_base': '/home/fawzan/Documents/agv_rover/src/agv-rover/install/agv-rover', 'merge_install': False, 'path': '/home/fawzan/Documents/agv_rover/src/agv-rover', 'symlink_install': True, 'test_result_base': None}
[0.237s] INFO:colcon.colcon_core.executor:Executing jobs using 'parallel' executor
[0.238s] DEBUG:colcon.colcon_parallel_executor.executor.parallel:run_until_complete
[0.238s] INFO:colcon.colcon_ros.task.ament_cmake.build:Building ROS package in '/home/fawzan/Documents/agv_rover/src/agv-rover' with build type 'ament_cmake'
[0.238s] INFO:colcon.colcon_cmake.task.cmake.build:Building CMake package in '/home/fawzan/Documents/agv_rover/src/agv-rover'
[0.239s] INFO:colcon.colcon_core.plugin_system:Skipping extension 'colcon_core.shell.bat': Not used on non-Windows systems
[0.239s] INFO:colcon.colcon_core.shell:Skip shell extension 'powershell' for command environment: Not usable outside of PowerShell
[0.239s] DEBUG:colcon.colcon_core.shell:Skip shell extension 'dsv' for command environment
[0.245s] DEBUG:colcon.colcon_core.event_handler.log_command:Invoking command in '/home/fawzan/Documents/agv_rover/src/agv-rover/build/agv-rover': CMAKE_PREFIX_PATH=${CMAKE_PREFIX_PATH}:/opt/ros/humble /usr/bin/cmake /home/fawzan/Documents/agv_rover/src/agv-rover -DAMENT_CMAKE_SYMLINK_INSTALL=1 -DCMAKE_INSTALL_PREFIX=/home/fawzan/Documents/agv_rover/src/agv-rover/install/agv-rover
[0.771s] DEBUG:colcon.colcon_core.event_handler.log_command:Invoked command in '/home/fawzan/Documents/agv_rover/src/agv-rover/build/agv-rover' returned '0': CMAKE_PREFIX_PATH=${CMAKE_PREFIX_PATH}:/opt/ros/humble /usr/bin/cmake /home/fawzan/Documents/agv_rover/src/agv-rover -DAMENT_CMAKE_SYMLINK_INSTALL=1 -DCMAKE_INSTALL_PREFIX=/home/fawzan/Documents/agv_rover/src/agv-rover/install/agv-rover
[0.772s] DEBUG:colcon.colcon_core.event_handler.log_command:Invoking command in '/home/fawzan/Documents/agv_rover/src/agv-rover/build/agv-rover': CMAKE_PREFIX_PATH=${CMAKE_PREFIX_PATH}:/opt/ros/humble /usr/bin/cmake --build /home/fawzan/Documents/agv_rover/src/agv-rover/build/agv-rover -- -j8 -l8
[0.799s] DEBUG:colcon.colcon_core.event_handler.log_command:Invoked command in '/home/fawzan/Documents/agv_rover/src/agv-rover/build/agv-rover' returned '0': CMAKE_PREFIX_PATH=${CMAKE_PREFIX_PATH}:/opt/ros/humble /usr/bin/cmake --build /home/fawzan/Documents/agv_rover/src/agv-rover/build/agv-rover -- -j8 -l8
[0.820s] DEBUG:colcon.colcon_core.event_handler.log_command:Invoking command in '/home/fawzan/Documents/agv_rover/src/agv-rover/build/agv-rover': CMAKE_PREFIX_PATH=${CMAKE_PREFIX_PATH}:/opt/ros/humble /usr/bin/cmake --install /home/fawzan/Documents/agv_rover/src/agv-rover/build/agv-rover
[1.016s] Level 1:colcon.colcon_core.environment:create_environment_scripts_only(agv-rover)
[1.017s] DEBUG:colcon.colcon_core.event_handler.log_command:Invoked command in '/home/fawzan/Documents/agv_rover/src/agv-rover/build/agv-rover' returned '0': CMAKE_PREFIX_PATH=${CMAKE_PREFIX_PATH}:/opt/ros/humble /usr/bin/cmake --install /home/fawzan/Documents/agv_rover/src/agv-rover/build/agv-rover
[1.018s] Level 1:colcon.colcon_core.environment:checking '/home/fawzan/Documents/agv_rover/src/agv-rover/install/agv-rover' for CMake module files
[1.018s] Level 1:colcon.colcon_core.environment:checking '/home/fawzan/Documents/agv_rover/src/agv-rover/install/agv-rover' for CMake config files
[1.019s] Level 1:colcon.colcon_core.shell:create_environment_hook('agv-rover', 'cmake_prefix_path')
[1.019s] INFO:colcon.colcon_core.shell:Creating environment hook '/home/fawzan/Documents/agv_rover/src/agv-rover/install/agv-rover/share/agv-rover/hook/cmake_prefix_path.ps1'
[1.019s] INFO:colcon.colcon_core.shell:Creating environment descriptor '/home/fawzan/Documents/agv_rover/src/agv-rover/install/agv-rover/share/agv-rover/hook/cmake_prefix_path.dsv'
[1.020s] INFO:colcon.colcon_core.shell:Creating environment hook '/home/fawzan/Documents/agv_rover/src/agv-rover/install/agv-rover/share/agv-rover/hook/cmake_prefix_path.sh'
[1.020s] Level 1:colcon.colcon_core.environment:checking '/home/fawzan/Documents/agv_rover/src/agv-rover/install/agv-rover/bin'
[1.020s] Level 1:colcon.colcon_core.environment:checking '/home/fawzan/Documents/agv_rover/src/agv-rover/install/agv-rover/lib/pkgconfig/agv-rover.pc'
[1.020s] Level 1:colcon.colcon_core.environment:checking '/home/fawzan/Documents/agv_rover/src/agv-rover/install/agv-rover/lib/python3.10/site-packages'
[1.020s] Level 1:colcon.colcon_core.environment:checking '/home/fawzan/Documents/agv_rover/src/agv-rover/install/agv-rover/bin'
[1.021s] INFO:colcon.colcon_core.shell:Creating package script '/home/fawzan/Documents/agv_rover/src/agv-rover/install/agv-rover/share/agv-rover/package.ps1'
[1.021s] INFO:colcon.colcon_core.shell:Creating package descriptor '/home/fawzan/Documents/agv_rover/src/agv-rover/install/agv-rover/share/agv-rover/package.dsv'
[1.021s] INFO:colcon.colcon_core.shell:Creating package script '/home/fawzan/Documents/agv_rover/src/agv-rover/install/agv-rover/share/agv-rover/package.sh'
[1.022s] INFO:colcon.colcon_core.shell:Creating package script '/home/fawzan/Documents/agv_rover/src/agv-rover/install/agv-rover/share/agv-rover/package.bash'
[1.022s] INFO:colcon.colcon_core.shell:Creating package script '/home/fawzan/Documents/agv_rover/src/agv-rover/install/agv-rover/share/agv-rover/package.zsh'
[1.023s] Level 1:colcon.colcon_core.environment:create_file_with_runtime_dependencies(/home/fawzan/Documents/agv_rover/src/agv-rover/install/agv-rover/share/colcon-core/packages/agv-rover)
[1.037s] Level 1:colcon.colcon_core.environment:create_environment_scripts_only(agv-rover)
[1.037s] Level 1:colcon.colcon_core.environment:checking '/home/fawzan/Documents/agv_rover/src/agv-rover/install/agv-rover' for CMake module files
[1.037s] Level 1:colcon.colcon_core.environment:checking '/home/fawzan/Documents/agv_rover/src/agv-rover/install/agv-rover' for CMake config files
[1.037s] Level 1:colcon.colcon_core.shell:create_environment_hook('agv-rover', 'cmake_prefix_path')
[1.038s] INFO:colcon.colcon_core.shell:Creating environment hook '/home/fawzan/Documents/agv_rover/src/agv-rover/install/agv-rover/share/agv-rover/hook/cmake_prefix_path.ps1'
[1.038s] INFO:colcon.colcon_core.shell:Creating environment descriptor '/home/fawzan/Documents/agv_rover/src/agv-rover/install/agv-rover/share/agv-rover/hook/cmake_prefix_path.dsv'
[1.038s] INFO:colcon.colcon_core.shell:Creating environment hook '/home/fawzan/Documents/agv_rover/src/agv-rover/install/agv-rover/share/agv-rover/hook/cmake_prefix_path.sh'
[1.038s] Level 1:colcon.colcon_core.environment:checking '/home/fawzan/Documents/agv_rover/src/agv-rover/install/agv-rover/bin'
[1.039s] Level 1:colcon.colcon_core.environment:checking '/home/fawzan/Documents/agv_rover/src/agv-rover/install/agv-rover/lib/pkgconfig/agv-rover.pc'
[1.039s] Level 1:colcon.colcon_core.environment:checking '/home/fawzan/Documents/agv_rover/src/agv-rover/install/agv-rover/lib/python3.10/site-packages'
[1.039s] Level 1:colcon.colcon_core.environment:checking '/home/fawzan/Documents/agv_rover/src/agv-rover/install/agv-rover/bin'
[1.039s] INFO:colcon.colcon_core.shell:Creating package script '/home/fawzan/Documents/agv_rover/src/agv-rover/install/agv-rover/share/agv-rover/package.ps1'
[1.039s] INFO:colcon.colcon_core.shell:Creating package descriptor '/home/fawzan/Documents/agv_rover/src/agv-rover/install/agv-rover/share/agv-rover/package.dsv'
[1.040s] INFO:colcon.colcon_core.shell:Creating package script '/home/fawzan/Documents/agv_rover/src/agv-rover/install/agv-rover/share/agv-rover/package.sh'
[1.040s] INFO:colcon.colcon_core.shell:Creating package script '/home/fawzan/Documents/agv_rover/src/agv-rover/install/agv-rover/share/agv-rover/package.bash'
[1.040s] INFO:colcon.colcon_core.shell:Creating package script '/home/fawzan/Documents/agv_rover/src/agv-rover/install/agv-rover/share/agv-rover/package.zsh'
[1.040s] Level 1:colcon.colcon_core.environment:create_file_with_runtime_dependencies(/home/fawzan/Documents/agv_rover/src/agv-rover/install/agv-rover/share/colcon-core/packages/agv-rover)
[1.041s] DEBUG:colcon.colcon_parallel_executor.executor.parallel:closing loop
[1.041s] DEBUG:colcon.colcon_parallel_executor.executor.parallel:loop closed
[1.041s] DEBUG:colcon.colcon_parallel_executor.executor.parallel:run_until_complete finished with '0'
[1.041s] DEBUG:colcon.colcon_core.event_reactor:joining thread
[1.044s] INFO:colcon.colcon_core.plugin_system:Skipping extension 'colcon_notification.desktop_notification.terminal_notifier': Not used on non-Darwin systems
[1.044s] INFO:colcon.colcon_core.plugin_system:Skipping extension 'colcon_notification.desktop_notification.win32': Not used on non-Windows systems
[1.044s] INFO:colcon.colcon_notification.desktop_notification:Sending desktop notification using 'notify2'
[1.054s] DEBUG:colcon.colcon_core.event_reactor:joined thread
[1.055s] INFO:colcon.colcon_core.shell:Creating prefix script '/home/fawzan/Documents/agv_rover/src/agv-rover/install/local_setup.ps1'
[1.056s] INFO:colcon.colcon_core.shell:Creating prefix util module '/home/fawzan/Documents/agv_rover/src/agv-rover/install/_local_setup_util_ps1.py'
[1.056s] INFO:colcon.colcon_core.shell:Creating prefix chain script '/home/fawzan/Documents/agv_rover/src/agv-rover/install/setup.ps1'
[1.057s] INFO:colcon.colcon_core.shell:Creating prefix script '/home/fawzan/Documents/agv_rover/src/agv-rover/install/local_setup.sh'
[1.057s] INFO:colcon.colcon_core.shell:Creating prefix util module '/home/fawzan/Documents/agv_rover/src/agv-rover/install/_local_setup_util_sh.py'
[1.058s] INFO:colcon.colcon_core.shell:Creating prefix chain script '/home/fawzan/Documents/agv_rover/src/agv-rover/install/setup.sh'
[1.058s] INFO:colcon.colcon_core.shell:Creating prefix script '/home/fawzan/Documents/agv_rover/src/agv-rover/install/local_setup.bash'
[1.059s] INFO:colcon.colcon_core.shell:Creating prefix chain script '/home/fawzan/Documents/agv_rover/src/agv-rover/install/setup.bash'
[1.059s] INFO:colcon.colcon_core.shell:Creating prefix script '/home/fawzan/Documents/agv_rover/src/agv-rover/install/local_setup.zsh'
[1.060s] INFO:colcon.colcon_core.shell:Creating prefix chain script '/home/fawzan/Documents/agv_rover/src/agv-rover/install/setup.zsh'
