[0.006s] Invoking command in '/home/fawzan/Documents/agv_rover/src/agv-rover/build/agv-rover': CMAKE_PREFIX_PATH=${CMAKE_PREFIX_PATH}:/opt/ros/humble /usr/bin/cmake /home/fawzan/Documents/agv_rover/src/agv-rover -DAMENT_CMAKE_SYMLINK_INSTALL=1 -DCMAKE_INSTALL_PREFIX=/home/fawzan/Documents/agv_rover/src/agv-rover/install/agv-rover
[0.082s] -- The C compiler identification is GNU 11.4.0
[0.147s] -- The CXX compiler identification is GNU 11.4.0
[0.153s] -- Detecting C compiler ABI info
[0.201s] -- Detecting C compiler ABI info - done
[0.206s] -- Check for working C compiler: /usr/bin/cc - skipped
[0.207s] -- Detecting C compile features
[0.207s] -- Detecting C compile features - done
[0.209s] -- Detecting CXX compiler ABI info
[0.267s] -- Detecting CXX compiler ABI info - done
[0.272s] -- Check for working CXX compiler: /usr/bin/c++ - skipped
[0.272s] -- Detecting CXX compile features
[0.273s] -- Detecting CXX compile features - done
[0.275s] -- Found ament_cmake: 1.3.10 (/opt/ros/humble/share/ament_cmake/cmake)
[0.374s] -- Found Python3: /usr/bin/python3 (found version "3.10.12") found components: Interpreter 
[0.417s] -- Override CMake install command with custom implementation using symlinks instead of copying resources
[0.443s] -- Found ament_lint_auto: 0.12.11 (/opt/ros/humble/share/ament_lint_auto/cmake)
[0.503s] -- Added test 'copyright' to check source files copyright and LICENSE
[0.509s] -- Added test 'cppcheck' to perform static code analysis on C / C++ code
[0.509s] -- Configured cppcheck include dirs: 
[0.509s] -- Configured cppcheck exclude dirs and/or files: 
[0.515s] -- Added test 'cpplint' to check C / C++ code against the Google style
[0.515s] -- Configured cpplint exclude dirs and/or files: 
[0.516s] -- Added test 'flake8' to check Python code syntax and style conventions
[0.517s] -- Added test 'lint_cmake' to check CMake code style
[0.518s] -- Added test 'pep257' to check Python code against some of the docstring style conventions in PEP 257
[0.524s] -- Added test 'uncrustify' to check C / C++ code style
[0.524s] -- Configured uncrustify additional arguments: 
[0.525s] -- Added test 'xmllint' to check XML markup files
[0.526s] -- Configuring done
[0.528s] -- Generating done
[0.529s] -- Build files have been written to: /home/fawzan/Documents/agv_rover/src/agv-rover/build/agv-rover
[0.532s] Invoked command in '/home/fawzan/Documents/agv_rover/src/agv-rover/build/agv-rover' returned '0': CMAKE_PREFIX_PATH=${CMAKE_PREFIX_PATH}:/opt/ros/humble /usr/bin/cmake /home/fawzan/Documents/agv_rover/src/agv-rover -DAMENT_CMAKE_SYMLINK_INSTALL=1 -DCMAKE_INSTALL_PREFIX=/home/fawzan/Documents/agv_rover/src/agv-rover/install/agv-rover
[0.533s] Invoking command in '/home/fawzan/Documents/agv_rover/src/agv-rover/build/agv-rover': CMAKE_PREFIX_PATH=${CMAKE_PREFIX_PATH}:/opt/ros/humble /usr/bin/cmake --build /home/fawzan/Documents/agv_rover/src/agv-rover/build/agv-rover -- -j8 -l8
[0.560s] Invoked command in '/home/fawzan/Documents/agv_rover/src/agv-rover/build/agv-rover' returned '0': CMAKE_PREFIX_PATH=${CMAKE_PREFIX_PATH}:/opt/ros/humble /usr/bin/cmake --build /home/fawzan/Documents/agv_rover/src/agv-rover/build/agv-rover -- -j8 -l8
[0.582s] Invoking command in '/home/fawzan/Documents/agv_rover/src/agv-rover/build/agv-rover': CMAKE_PREFIX_PATH=${CMAKE_PREFIX_PATH}:/opt/ros/humble /usr/bin/cmake --install /home/fawzan/Documents/agv_rover/src/agv-rover/build/agv-rover
[0.586s] -- Install configuration: ""
[0.587s] -- Execute custom install script
[0.587s] -- Symlinking: /home/fawzan/Documents/agv_rover/src/agv-rover/install/agv-rover/share/agv-rover/config/control_config.rviz
[0.593s] -- Symlinking: /home/fawzan/Documents/agv_rover/src/agv-rover/install/agv-rover/share/agv-rover/config/empty.yaml
[0.599s] -- Symlinking: /home/fawzan/Documents/agv_rover/src/agv-rover/install/agv-rover/share/agv-rover/config/lidar_config.rviz
[0.605s] -- Symlinking: /home/fawzan/Documents/agv_rover/src/agv-rover/install/agv-rover/share/agv-rover/config/mapper_params_online_async.yaml
[0.611s] -- Symlinking: /home/fawzan/Documents/agv_rover/src/agv-rover/install/agv-rover/share/agv-rover/config/nav2_params.yaml
[0.617s] -- Symlinking: /home/fawzan/Documents/agv_rover/src/agv-rover/install/agv-rover/share/agv-rover/config/twist_mux.yaml
[0.623s] -- Symlinking: /home/fawzan/Documents/agv_rover/src/agv-rover/install/agv-rover/share/agv-rover/config/view_bot.rviz
[0.628s] -- Symlinking: /home/fawzan/Documents/agv_rover/src/agv-rover/install/agv-rover/share/agv-rover/description/gazebo_control.xacro
[0.634s] -- Symlinking: /home/fawzan/Documents/agv_rover/src/agv-rover/install/agv-rover/share/agv-rover/description/inertial_macros.xacro
[0.640s] -- Symlinking: /home/fawzan/Documents/agv_rover/src/agv-rover/install/agv-rover/share/agv-rover/description/lidar.xacro
[0.645s] -- Symlinking: /home/fawzan/Documents/agv_rover/src/agv-rover/install/agv-rover/share/agv-rover/description/robot.urdf.xacro
[0.650s] -- Symlinking: /home/fawzan/Documents/agv_rover/src/agv-rover/install/agv-rover/share/agv-rover/description/robot_core.xacro
[0.656s] -- Symlinking: /home/fawzan/Documents/agv_rover/src/agv-rover/install/agv-rover/share/agv-rover/launch/launch_sim.launch.py
[0.662s] -- Symlinking: /home/fawzan/Documents/agv_rover/src/agv-rover/install/agv-rover/share/agv-rover/launch/localization_launch.py
[0.668s] -- Symlinking: /home/fawzan/Documents/agv_rover/src/agv-rover/install/agv-rover/share/agv-rover/launch/navigation_launch.py
[0.674s] -- Symlinking: /home/fawzan/Documents/agv_rover/src/agv-rover/install/agv-rover/share/agv-rover/launch/online_async_launch.py
[0.679s] -- Symlinking: /home/fawzan/Documents/agv_rover/src/agv-rover/install/agv-rover/share/agv-rover/launch/rsp.launch.py
[0.684s] -- Symlinking: /home/fawzan/Documents/agv_rover/src/agv-rover/install/agv-rover/share/agv-rover/launch/waypoint_follower.launch.py
[0.690s] -- Symlinking: /home/fawzan/Documents/agv_rover/src/agv-rover/install/agv-rover/share/agv-rover/worlds/empty.world
[0.696s] -- Symlinking: /home/fawzan/Documents/agv_rover/src/agv-rover/install/agv-rover/share/ament_index/resource_index/package_run_dependencies/agv-rover
[0.700s] -- Symlinking: /home/fawzan/Documents/agv_rover/src/agv-rover/install/agv-rover/share/ament_index/resource_index/parent_prefix_path/agv-rover
[0.706s] -- Symlinking: /home/fawzan/Documents/agv_rover/src/agv-rover/install/agv-rover/share/agv-rover/environment/ament_prefix_path.sh
[0.712s] -- Symlinking: /home/fawzan/Documents/agv_rover/src/agv-rover/install/agv-rover/share/agv-rover/environment/ament_prefix_path.dsv
[0.717s] -- Symlinking: /home/fawzan/Documents/agv_rover/src/agv-rover/install/agv-rover/share/agv-rover/environment/path.sh
[0.722s] -- Symlinking: /home/fawzan/Documents/agv_rover/src/agv-rover/install/agv-rover/share/agv-rover/environment/path.dsv
[0.728s] -- Symlinking: /home/fawzan/Documents/agv_rover/src/agv-rover/install/agv-rover/share/agv-rover/local_setup.bash
[0.733s] -- Symlinking: /home/fawzan/Documents/agv_rover/src/agv-rover/install/agv-rover/share/agv-rover/local_setup.sh
[0.739s] -- Symlinking: /home/fawzan/Documents/agv_rover/src/agv-rover/install/agv-rover/share/agv-rover/local_setup.zsh
[0.744s] -- Symlinking: /home/fawzan/Documents/agv_rover/src/agv-rover/install/agv-rover/share/agv-rover/local_setup.dsv
[0.749s] -- Symlinking: /home/fawzan/Documents/agv_rover/src/agv-rover/install/agv-rover/share/agv-rover/package.dsv
[0.755s] -- Symlinking: /home/fawzan/Documents/agv_rover/src/agv-rover/install/agv-rover/share/ament_index/resource_index/packages/agv-rover
[0.761s] -- Symlinking: /home/fawzan/Documents/agv_rover/src/agv-rover/install/agv-rover/share/agv-rover/cmake/agv-roverConfig.cmake
[0.766s] -- Symlinking: /home/fawzan/Documents/agv_rover/src/agv-rover/install/agv-rover/share/agv-rover/cmake/agv-roverConfig-version.cmake
[0.771s] -- Symlinking: /home/fawzan/Documents/agv_rover/src/agv-rover/install/agv-rover/share/agv-rover/package.xml
[0.778s] Invoked command in '/home/fawzan/Documents/agv_rover/src/agv-rover/build/agv-rover' returned '0': CMAKE_PREFIX_PATH=${CMAKE_PREFIX_PATH}:/opt/ros/humble /usr/bin/cmake --install /home/fawzan/Documents/agv_rover/src/agv-rover/build/agv-rover
